Archive member included to satisfy reference by file (symbol)

C:/ST/STM32CubeIDE_1.13.0/STM32CubeIDE/plugins/com.st.stm32cube.ide.mcu.externaltools.gnu-tools-for-stm32.11.3.rel1.win32_1.1.0.202305231506/tools/bin/../lib/gcc/arm-none-eabi/11.3.1/../../../../arm-none-eabi/lib/thumb/v7e-m+fp/hard\libc_nano.a(libc_a-exit.o)
                              C:/ST/STM32CubeIDE_1.13.0/STM32CubeIDE/plugins/com.st.stm32cube.ide.mcu.externaltools.gnu-tools-for-stm32.11.3.rel1.win32_1.1.0.202305231506/tools/bin/../lib/gcc/arm-none-eabi/11.3.1/../../../../arm-none-eabi/lib/thumb/v7e-m+fp/hard/crt0.o (exit)
C:/ST/STM32CubeIDE_1.13.0/STM32CubeIDE/plugins/com.st.stm32cube.ide.mcu.externaltools.gnu-tools-for-stm32.11.3.rel1.win32_1.1.0.202305231506/tools/bin/../lib/gcc/arm-none-eabi/11.3.1/../../../../arm-none-eabi/lib/thumb/v7e-m+fp/hard\libc_nano.a(libc_a-findfp.o)
                              C:/ST/STM32CubeIDE_1.13.0/STM32CubeIDE/plugins/com.st.stm32cube.ide.mcu.externaltools.gnu-tools-for-stm32.11.3.rel1.win32_1.1.0.202305231506/tools/bin/../lib/gcc/arm-none-eabi/11.3.1/../../../../arm-none-eabi/lib/thumb/v7e-m+fp/hard\libc_nano.a(libc_a-exit.o) (__stdio_exit_handler)
C:/ST/STM32CubeIDE_1.13.0/STM32CubeIDE/plugins/com.st.stm32cube.ide.mcu.externaltools.gnu-tools-for-stm32.11.3.rel1.win32_1.1.0.202305231506/tools/bin/../lib/gcc/arm-none-eabi/11.3.1/../../../../arm-none-eabi/lib/thumb/v7e-m+fp/hard\libc_nano.a(libc_a-fwalk.o)
                              C:/ST/STM32CubeIDE_1.13.0/STM32CubeIDE/plugins/com.st.stm32cube.ide.mcu.externaltools.gnu-tools-for-stm32.11.3.rel1.win32_1.1.0.202305231506/tools/bin/../lib/gcc/arm-none-eabi/11.3.1/../../../../arm-none-eabi/lib/thumb/v7e-m+fp/hard\libc_nano.a(libc_a-findfp.o) (_fwalk_sglue)
C:/ST/STM32CubeIDE_1.13.0/STM32CubeIDE/plugins/com.st.stm32cube.ide.mcu.externaltools.gnu-tools-for-stm32.11.3.rel1.win32_1.1.0.202305231506/tools/bin/../lib/gcc/arm-none-eabi/11.3.1/../../../../arm-none-eabi/lib/thumb/v7e-m+fp/hard\libc_nano.a(libc_a-stdio.o)
                              C:/ST/STM32CubeIDE_1.13.0/STM32CubeIDE/plugins/com.st.stm32cube.ide.mcu.externaltools.gnu-tools-for-stm32.11.3.rel1.win32_1.1.0.202305231506/tools/bin/../lib/gcc/arm-none-eabi/11.3.1/../../../../arm-none-eabi/lib/thumb/v7e-m+fp/hard\libc_nano.a(libc_a-findfp.o) (__sread)
C:/ST/STM32CubeIDE_1.13.0/STM32CubeIDE/plugins/com.st.stm32cube.ide.mcu.externaltools.gnu-tools-for-stm32.11.3.rel1.win32_1.1.0.202305231506/tools/bin/../lib/gcc/arm-none-eabi/11.3.1/../../../../arm-none-eabi/lib/thumb/v7e-m+fp/hard\libc_nano.a(libc_a-memset.o)
                              C:/ST/STM32CubeIDE_1.13.0/STM32CubeIDE/plugins/com.st.stm32cube.ide.mcu.externaltools.gnu-tools-for-stm32.11.3.rel1.win32_1.1.0.202305231506/tools/bin/../lib/gcc/arm-none-eabi/11.3.1/../../../../arm-none-eabi/lib/thumb/v7e-m+fp/hard/crt0.o (memset)
C:/ST/STM32CubeIDE_1.13.0/STM32CubeIDE/plugins/com.st.stm32cube.ide.mcu.externaltools.gnu-tools-for-stm32.11.3.rel1.win32_1.1.0.202305231506/tools/bin/../lib/gcc/arm-none-eabi/11.3.1/../../../../arm-none-eabi/lib/thumb/v7e-m+fp/hard\libc_nano.a(libc_a-closer.o)
                              C:/ST/STM32CubeIDE_1.13.0/STM32CubeIDE/plugins/com.st.stm32cube.ide.mcu.externaltools.gnu-tools-for-stm32.11.3.rel1.win32_1.1.0.202305231506/tools/bin/../lib/gcc/arm-none-eabi/11.3.1/../../../../arm-none-eabi/lib/thumb/v7e-m+fp/hard\libc_nano.a(libc_a-stdio.o) (_close_r)
C:/ST/STM32CubeIDE_1.13.0/STM32CubeIDE/plugins/com.st.stm32cube.ide.mcu.externaltools.gnu-tools-for-stm32.11.3.rel1.win32_1.1.0.202305231506/tools/bin/../lib/gcc/arm-none-eabi/11.3.1/../../../../arm-none-eabi/lib/thumb/v7e-m+fp/hard\libc_nano.a(libc_a-reent.o)
                              C:/ST/STM32CubeIDE_1.13.0/STM32CubeIDE/plugins/com.st.stm32cube.ide.mcu.externaltools.gnu-tools-for-stm32.11.3.rel1.win32_1.1.0.202305231506/tools/bin/../lib/gcc/arm-none-eabi/11.3.1/../../../../arm-none-eabi/lib/thumb/v7e-m+fp/hard\libc_nano.a(libc_a-closer.o) (errno)
C:/ST/STM32CubeIDE_1.13.0/STM32CubeIDE/plugins/com.st.stm32cube.ide.mcu.externaltools.gnu-tools-for-stm32.11.3.rel1.win32_1.1.0.202305231506/tools/bin/../lib/gcc/arm-none-eabi/11.3.1/../../../../arm-none-eabi/lib/thumb/v7e-m+fp/hard\libc_nano.a(libc_a-impure.o)
                              C:/ST/STM32CubeIDE_1.13.0/STM32CubeIDE/plugins/com.st.stm32cube.ide.mcu.externaltools.gnu-tools-for-stm32.11.3.rel1.win32_1.1.0.202305231506/tools/bin/../lib/gcc/arm-none-eabi/11.3.1/../../../../arm-none-eabi/lib/thumb/v7e-m+fp/hard\libc_nano.a(libc_a-reent.o) (_impure_ptr)
C:/ST/STM32CubeIDE_1.13.0/STM32CubeIDE/plugins/com.st.stm32cube.ide.mcu.externaltools.gnu-tools-for-stm32.11.3.rel1.win32_1.1.0.202305231506/tools/bin/../lib/gcc/arm-none-eabi/11.3.1/../../../../arm-none-eabi/lib/thumb/v7e-m+fp/hard\libc_nano.a(libc_a-lseekr.o)
[...]
Memory Configuration

Name             Origin             Length             Attributes
RAM              0x0000000020000000 0x0000000000018000 xrw
FLASH            0x0000000008000000 0x0000000000080000 xr
*default*        0x0000000000000000 0xffffffffffffffff

Linker script and memory map

LOAD C:/ST/STM32CubeIDE_1.13.0/STM32CubeIDE/plugins/com.st.stm32cube.ide.mcu.externaltools.gnu-tools-for-stm32.11.3.rel1.win32_1.1.0.202305231506/tools/bin/../lib/gcc/arm-none-eabi/11.3.1/thumb/v7e-m+fp/hard/crti.o
LOAD C:/ST/STM32CubeIDE_1.13.0/STM32CubeIDE/plugins/com.st.stm32cube.ide.mcu.externaltools.gnu-tools-for-stm32.11.3.rel1.win32_1.1.0.202305231506/tools/bin/../lib/gcc/arm-none-eabi/11.3.1/thumb/v7e-m+fp/hard/crtbegin.o
LOAD C:/ST/STM32CubeIDE_1.13.0/STM32CubeIDE/plugins/com.st.stm32cube.ide.mcu.externaltools.gnu-tools-for-stm32.11.3.rel1.win32_1.1.0.202305231506/tools/bin/../lib/gcc/arm-none-eabi/11.3.1/../../../../arm-none-eabi/lib/thumb/v7e-m+fp/hard/crt0.o
LOAD ./Core/Src/gpio.o
LOAD ./Core/Src/led_control.o
LOAD ./Core/Src/main.o
LOAD ./Core/Src/message_service.o
LOAD ./Core/Src/stm32f4xx_hal_msp.o
LOAD ./Core/Src/stm32f4xx_it.o
LOAD ./Core/Src/syscalls.o
LOAD ./Core/Src/sysmem.o
LOAD ./Core/Src/system_stm32f4xx.o
LOAD ./Core/Src/tim.o
LOAD ./Core/Src/usart.o
LOAD ./Core/Startup/startup_stm32f401retx.o
LOAD ./Drivers/STM32F4xx_HAL_Driver/Src/stm32f4xx_hal.o
LOAD ./Drivers/STM32F4xx_HAL_Driver/Src/stm32f4xx_hal_cortex.o
LOAD ./Drivers/STM32F4xx_HAL_Driver/Src/stm32f4xx_hal_dma.o
LOAD ./Drivers/STM32F4xx_HAL_Driver/Src/stm32f4xx_hal_dma_ex.o
LOAD ./Drivers/STM32F4xx_HAL_Driver/Src/stm32f4xx_hal_exti.o
LOAD ./Drivers/STM32F4xx_HAL_Driver/Src/stm32f4xx_hal_flash.o
LOAD ./Drivers/STM32F4xx_HAL_Driver/Src/stm32f4xx_hal_flash_ex.o
LOAD ./Drivers/STM32F4xx_HAL_Driver/Src/stm32f4xx_hal_flash_ramfunc.o
LOAD ./Drivers/STM32F4xx_HAL_Driver/Src/stm32f4xx_hal_gpio.o
LOAD ./Drivers/STM32F4xx_HAL_Driver/Src/stm32f4xx_hal_pwr.o
LOAD ./Drivers/STM32F4xx_HAL_Driver/Src/stm32f4xx_hal_pwr_ex.o
LOAD ./Drivers/STM32F4xx_HAL_Driver/Src/stm32f4xx_hal_rcc.o
LOAD ./Drivers/STM32F4xx_HAL_Driver/Src/stm32f4xx_hal_rcc_ex.o
LOAD ./Drivers/STM32F4xx_HAL_Driver/Src/stm32f4xx_hal_tim.o
LOAD ./Drivers/STM32F4xx_HAL_Driver/Src/stm32f4xx_hal_tim_ex.o
LOAD ./Drivers/STM32F4xx_HAL_Driver/Src/stm32f4xx_ll_dma.o
LOAD ./Drivers/STM32F4xx_HAL_Driver/Src/stm32f4xx_ll_exti.o
LOAD ./Drivers/STM32F4xx_HAL_Driver/Src/stm32f4xx_ll_gpio.o
LOAD ./Drivers/STM32F4xx_HAL_Driver/Src/stm32f4xx_ll_rcc.o
LOAD ./Drivers/STM32F4xx_HAL_Driver/Src/stm32f4xx_ll_tim.o
LOAD ./Drivers/STM32F4xx_HAL_Driver/Src/stm32f4xx_ll_usart.o
LOAD ./Drivers/STM32F4xx_HAL_Driver/Src/stm32f4xx_ll_utils.o
START GROUP
LOAD C:/ST/STM32CubeIDE_1.13.0/STM32CubeIDE/plugins/com.st.stm32cube.ide.mcu.externaltools.gnu-tools-for-stm32.11.3.rel1.win32_1.1.0.202305231506/tools/bin/../lib/gcc/arm-none-eabi/11.3.1/../../../../arm-none-eabi/lib/thumb/v7e-m+fp/hard\libc_nano.a
LOAD C:/ST/STM32CubeIDE_1.13.0/STM32CubeIDE/plugins/com.st.stm32cube.ide.mcu.externaltools.gnu-tools-for-stm32.11.3.rel1.win32_1.1.0.202305231506/tools/bin/../lib/gcc/arm-none-eabi/11.3.1/../../../../arm-none-eabi/lib/thumb/v7e-m+fp/hard\libm.a
END GROUP
START GROUP
LOAD C:/ST/STM32CubeIDE_1.13.0/STM32CubeIDE/plugins/com.st.stm32cube.ide.mcu.externaltools.gnu-tools-for-stm32.11.3.rel1.win32_1.1.0.202305231506/tools/bin/../lib/gcc/arm-none-eabi/11.3.1/thumb/v7e-m+fp/hard\libgcc.a
LOAD C:/ST/STM32CubeIDE_1.13.0/STM32CubeIDE/plugins/com.st.stm32cube.ide.mcu.externaltools.gnu-tools-for-stm32.11.3.rel1.win32_1.1.0.202305231506/tools/bin/../lib/gcc/arm-none-eabi/11.3.1/../../../../arm-none-eabi/lib/thumb/v7e-m+fp/hard\libc_nano.a
END GROUP
START GROUP
LOAD C:/ST/STM32CubeIDE_1.13.0/STM32CubeIDE/plugins/com.st.stm32cube.ide.mcu.externaltools.gnu-tools-for-stm32.11.3.rel1.win32_1.1.0.202305231506/tools/bin/../lib/gcc/arm-none-eabi/11.3.1/thumb/v7e-m+fp/hard\libgcc.a
LOAD C:/ST/STM32CubeIDE_1.13.0/STM32CubeIDE/plugins/com.st.stm32cube.ide.mcu.externaltools.gnu-tools-for-stm32.11.3.rel1.win32_1.1.0.202305231506/tools/bin/../lib/gcc/arm-none-eabi/11.3.1/../../../../arm-none-eabi/lib/thumb/v7e-m+fp/hard\libc_nano.a
LOAD C:/ST/STM32CubeIDE_1.13.0/STM32CubeIDE/plugins/com.st.stm32cube.ide.mcu.externaltools.gnu-tools-for-stm32.11.3.rel1.win32_1.1.0.202305231506/tools/bin/../lib/gcc/arm-none-eabi/11.3.1/../../../../arm-none-eabi/lib/thumb/v7e-m+fp/hard\libnosys.a
END GROUP
START GROUP
LOAD C:/ST/STM32CubeIDE_1.13.0/STM32CubeIDE/plugins/com.st.stm32cube.ide.mcu.externaltools.gnu-tools-for-stm32.11.3.rel1.win32_1.1.0.202305231506/tools/bin/../lib/gcc/arm-none-eabi/11.3.1/thumb/v7e-m+fp/hard\libgcc.a
LOAD C:/ST/STM32CubeIDE_1.13.0/STM32CubeIDE/plugins/com.st.stm32cube.ide.mcu.externaltools.gnu-tools-for-stm32.11.3.rel1.win32_1.1.0.202305231506/tools/bin/../lib/gcc/arm-none-eabi/11.3.1/../../../../arm-none-eabi/lib/thumb/v7e-m+fp/hard\libc_nano.a
LOAD C:/ST/STM32CubeIDE_1.13.0/STM32CubeIDE/plugins/com.st.stm32cube.ide.mcu.externaltools.gnu-tools-for-stm32.11.3.rel1.win32_1.1.0.202305231506/tools/bin/../lib/gcc/arm-none-eabi/11.3.1/../../../../arm-none-eabi/lib/thumb/v7e-m+fp/hard\libnosys.a
END GROUP
LOAD C:/ST/STM32CubeIDE_1.13.0/STM32CubeIDE/plugins/com.st.stm32cube.ide.mcu.externaltools.gnu-tools-for-stm32.11.3.rel1.win32_1.1.0.202305231506/tools/bin/../lib/gcc/arm-none-eabi/11.3.1/thumb/v7e-m+fp/hard/crtend.o
LOAD C:/ST/STM32CubeIDE_1.13.0/STM32CubeIDE/plugins/com.st.stm32cube.ide.mcu.externaltools.gnu-tools-for-stm32.11.3.rel1.win32_1.1.0.202305231506/tools/bin/../lib/gcc/arm-none-eabi/11.3.1/thumb/v7e-m+fp/hard/crtn.o
                0x0000000020018000                _estack = (ORIGIN (RAM) + LENGTH (RAM))
                0x0000000000000200                _Min_Heap_Size = 0x200
                0x0000000000000400                _Min_Stack_Size = 0x400

.isr_vector     0x0000000008000000      0x194
                0x0000000008000000                . = ALIGN (0x4)
 *(.isr_vector)
 .isr_vector    0x0000000008000000      0x194 ./Core/Startup/startup_stm32f401retx.o
                0x0000000008000000                g_pfnVectors
                0x0000000008000194                . = ALIGN (0x4)

.text           0x0000000008000194     0x32ec
                0x0000000008000194                . = ALIGN (0x4)
 *(.text)
 .text          0x0000000008000194       0x40 C:/ST/STM32CubeIDE_1.13.0/STM32CubeIDE/plugins/com.st.stm32cube.ide.mcu.externaltools.gnu-tools-for-stm32.11.3.rel1.win32_1.1.0.202305231506/tools/bin/../lib/gcc/arm-none-eabi/11.3.1/thumb/v7e-m+fp/hard/crtbegin.o
 .text          0x00000000080001d4       0x30 C:/ST/STM32CubeIDE_1.13.0/STM32CubeIDE/plugins/com.st.stm32cube.ide.mcu.externaltools.gnu-tools-for-stm32.11.3.rel1.win32_1.1.0.202305231506/tools/bin/../lib/gcc/arm-none-eabi/11.3.1/thumb/v7e-m+fp/hard\libgcc.a(_aeabi_uldivmod.o)
                0x00000000080001d4                __aeabi_uldivmod
 .text          0x0000000008000204      0x2c8 C:/ST/STM32CubeIDE_1.13.0/STM32CubeIDE/plugins/com.st.stm32cube.ide.mcu.externaltools.gnu-tools-for-stm32.11.3.rel1.win32_1.1.0.202305231506/tools/bin/../lib/gcc/arm-none-eabi/11.3.1/thumb/v7e-m+fp/hard\libgcc.a(_udivmoddi4.o)
                0x0000000008000204                __udivmoddi4
 .text          0x00000000080004cc        0x4 C:/ST/STM32CubeIDE_1.13.0/STM32CubeIDE/plugins/com.st.stm32cube.ide.mcu.externaltools.gnu-tools-for-stm32.11.3.rel1.win32_1.1.0.202305231506/tools/bin/../lib/gcc/arm-none-eabi/11.3.1/thumb/v7e-m+fp/hard\libgcc.a(_dvmd_tls.o)
                0x00000000080004cc                __aeabi_idiv0
                0x00000000080004cc                __aeabi_ldiv0
 *(.text*)
 .text.LL_SYSCFG_SetEXTISource
                0x00000000080004d0       0x5c ./Core/Src/gpio.o
 .text.LL_GPIO_SetPinMode
                0x000000000800052c       0x5e ./Core/Src/gpio.o
 .text.LL_GPIO_SetPinPull
                0x000000000800058a       0x5e ./Core/Src/gpio.o
 .text.LL_AHB1_GRP1_EnableClock
                0x00000000080005e8       0x30 ./Core/Src/gpio.o
 .text.MX_GPIO_Init
                0x0000000008000618       0x70 ./Core/Src/gpio.o
                0x0000000008000618                MX_GPIO_Init
 .text.process_led_control
                0x0000000008000688       0xd4 ./Core/Src/led_control.o
                0x0000000008000688                process_led_control
 .text.LL_USART_EnableIT_RXNE
                0x000000000800075c       0x46 ./Core/Src/main.o
 *fill*         0x00000000080007a2        0x2 
 .text.main     0x00000000080007a4       0x6c ./Core/Src/main.o
                0x00000000080007a4                main
 .text.SystemClock_Config
                0x0000000008000810       0xd8 ./Core/Src/main.o
                0x0000000008000810                SystemClock_Config
 .text.Error_Handler
                0x00000000080008e8        0xa ./Core/Src/main.o
                0x00000000080008e8                Error_Handler
 .text.LL_USART_IsActiveFlag_TXE
                0x00000000080008f2       0x26 ./Core/Src/message_service.o
 .text.LL_USART_TransmitData8
                0x0000000008000918       0x1e ./Core/Src/message_service.o
 *fill*         0x0000000008000936        0x2 
 .text.MESSAGE_RECEIVE_SERVICE
                0x0000000008000938      0x1dc ./Core/Src/message_service.o
                0x0000000008000938                MESSAGE_RECEIVE_SERVICE
 .text.process_message
                0x0000000008000b14       0x7c ./Core/Src/message_service.o
                0x0000000008000b14                process_message
 .text.update_message_parameters
                0x0000000008000b90       0x42 ./Core/Src/message_service.o
                0x0000000008000b90                update_message_parameters
 *fill*         0x0000000008000bd2        0x2 
 .text.get_message
                0x0000000008000bd4       0x88 ./Core/Src/message_service.o
                0x0000000008000bd4                get_message
 .text.is_message_received
                0x0000000008000c5c       0x28 ./Core/Src/message_service.o
                0x0000000008000c5c                is_message_received
 .text.send_message
                0x0000000008000c84      0x128 ./Core/Src/message_service.o
                0x0000000008000c84                send_message
 .text.HAL_MspInit
                0x0000000008000dac       0x50 ./Core/Src/stm32f4xx_hal_msp.o
                0x0000000008000dac                HAL_MspInit
 .text.NMI_Handler
                0x0000000008000dfc        0x6 ./Core/Src/stm32f4xx_it.o
                0x0000000008000dfc                NMI_Handler
 .text.HardFault_Handler
                0x0000000008000e02        0x6 ./Core/Src/stm32f4xx_it.o
                0x0000000008000e02                HardFault_Handler
 .text.MemManage_Handler
                0x0000000008000e08        0x6 ./Core/Src/stm32f4xx_it.o
                0x0000000008000e08                MemManage_Handler
 .text.BusFault_Handler
                0x0000000008000e0e        0x6 ./Core/Src/stm32f4xx_it.o
                0x0000000008000e0e                BusFault_Handler
 .text.UsageFault_Handler
                0x0000000008000e14        0x6 ./Core/Src/stm32f4xx_it.o
                0x0000000008000e14                UsageFault_Handler
 .text.SVC_Handler
                0x0000000008000e1a        0xe ./Core/Src/stm32f4xx_it.o
                0x0000000008000e1a                SVC_Handler
 .text.DebugMon_Handler
                0x0000000008000e28        0xe ./Core/Src/stm32f4xx_it.o
                0x0000000008000e28                DebugMon_Handler
 .text.PendSV_Handler
                0x0000000008000e36        0xe ./Core/Src/stm32f4xx_it.o
                0x0000000008000e36                PendSV_Handler
 .text.SysTick_Handler
                0x0000000008000e44       0x24 ./Core/Src/stm32f4xx_it.o
                0x0000000008000e44                SysTick_Handler
 .text.USART2_IRQHandler
                0x0000000008000e68        0xc ./Core/Src/stm32f4xx_it.o
                0x0000000008000e68                USART2_IRQHandler
 .text.SystemInit
                0x0000000008000e74       0x24 ./Core/Src/system_stm32f4xx.o
                0x0000000008000e74                SystemInit
 .text.LL_TIM_EnableCounter
                0x0000000008000e98       0x20 ./Core/Src/tim.o
 .text.LL_TIM_DisableARRPreload
                0x0000000008000eb8       0x20 ./Core/Src/tim.o
 .text.LL_TIM_CC_EnableChannel
                0x0000000008000ed8       0x22 ./Core/Src/tim.o
 *fill*         0x0000000008000efa        0x2 
 .text.LL_TIM_OC_DisableFast
                0x0000000008000efc       0x8c ./Core/Src/tim.o
 .text.LL_TIM_OC_EnablePreload
                0x0000000008000f88       0x88 ./Core/Src/tim.o
 .text.LL_TIM_OC_SetCompareCH1
                0x0000000008001010       0x1c ./Core/Src/tim.o
 .text.LL_TIM_SetClockSource
                0x000000000800102c       0x2a ./Core/Src/tim.o
 .text.LL_TIM_SetTriggerOutput
                0x0000000008001056       0x26 ./Core/Src/tim.o
 .text.LL_TIM_DisableMasterSlaveMode
                0x000000000800107c       0x20 ./Core/Src/tim.o
 .text.LL_AHB1_GRP1_EnableClock
                0x000000000800109c       0x30 ./Core/Src/tim.o
 .text.LL_APB1_GRP1_EnableClock
                0x00000000080010cc       0x30 ./Core/Src/tim.o
 .text.MX_TIM2_Init
                0x00000000080010fc      0x108 ./Core/Src/tim.o
                0x00000000080010fc                MX_TIM2_Init
 .text.__NVIC_GetPriorityGrouping
                0x0000000008001204       0x1c ./Core/Src/usart.o
 .text.__NVIC_EnableIRQ
                0x0000000008001220       0x3c ./Core/Src/usart.o
 .text.__NVIC_SetPriority
                0x000000000800125c       0x54 ./Core/Src/usart.o
 .text.NVIC_EncodePriority
                0x00000000080012b0       0x66 ./Core/Src/usart.o
 *fill*         0x0000000008001316        0x2 
 .text.SysTick_Config
                0x0000000008001318       0x44 ./Core/Src/usart.o
 .text.LL_USART_Enable
                0x000000000800135c       0x20 ./Core/Src/usart.o
 .text.LL_USART_ConfigAsyncMode
                0x000000000800137c       0x2c ./Core/Src/usart.o
 .text.LL_USART_IsActiveFlag_RXNE
                0x00000000080013a8       0x26 ./Core/Src/usart.o
 .text.LL_USART_IsEnabledIT_RXNE
                0x00000000080013ce       0x26 ./Core/Src/usart.o
 .text.LL_USART_ReceiveData8
                0x00000000080013f4       0x1a ./Core/Src/usart.o
 *fill*         0x000000000800140e        0x2 
 .text.LL_AHB1_GRP1_EnableClock
                0x0000000008001410       0x30 ./Core/Src/usart.o
 .text.LL_APB1_GRP1_EnableClock
                0x0000000008001440       0x30 ./Core/Src/usart.o
 .text.MX_USART2_UART_Init
                0x0000000008001470       0xdc ./Core/Src/usart.o
                0x0000000008001470                MX_USART2_UART_Init
 .text.TRANSMIT_DATA
                0x000000000800154c       0x3c ./Core/Src/usart.o
                0x000000000800154c                TRANSMIT_DATA
 .text.Reset_Handler
                0x0000000008001588       0x50 ./Core/Startup/startup_stm32f401retx.o
                0x0000000008001588                Reset_Handler
 .text.Default_Handler
                0x00000000080015d8        0x2 ./Core/Startup/startup_stm32f401retx.o
                0x00000000080015d8                RTC_Alarm_IRQHandler
                0x00000000080015d8                EXTI2_IRQHandler
                0x00000000080015d8                SPI4_IRQHandler
                0x00000000080015d8                TIM1_CC_IRQHandler
                0x00000000080015d8                DMA2_Stream5_IRQHandler
                0x00000000080015d8                DMA1_Stream5_IRQHandler
                0x00000000080015d8                PVD_IRQHandler
                0x00000000080015d8                SDIO_IRQHandler
                0x00000000080015d8                TAMP_STAMP_IRQHandler
                0x00000000080015d8                EXTI3_IRQHandler
                0x00000000080015d8                TIM1_UP_TIM10_IRQHandler
                0x00000000080015d8                I2C3_ER_IRQHandler
                0x00000000080015d8                EXTI0_IRQHandler
                0x00000000080015d8                I2C2_EV_IRQHandler
                0x00000000080015d8                DMA1_Stream2_IRQHandler
                0x00000000080015d8                FPU_IRQHandler
                0x00000000080015d8                DMA2_Stream2_IRQHandler
                0x00000000080015d8                SPI1_IRQHandler
                0x00000000080015d8                TIM1_BRK_TIM9_IRQHandler
                0x00000000080015d8                DMA2_Stream3_IRQHandler
                0x00000000080015d8                USART6_IRQHandler
                0x00000000080015d8                DMA2_Stream0_IRQHandler
                0x00000000080015d8                TIM4_IRQHandler
                0x00000000080015d8                I2C1_EV_IRQHandler
                0x00000000080015d8                DMA1_Stream6_IRQHandler
                0x00000000080015d8                DMA1_Stream1_IRQHandler
                0x00000000080015d8                TIM3_IRQHandler
                0x00000000080015d8                RCC_IRQHandler
                0x00000000080015d8                Default_Handler
                0x00000000080015d8                EXTI15_10_IRQHandler
                0x00000000080015d8                ADC_IRQHandler
                0x00000000080015d8                DMA1_Stream7_IRQHandler
                0x00000000080015d8                TIM5_IRQHandler
                0x00000000080015d8                DMA2_Stream7_IRQHandler
                0x00000000080015d8                I2C3_EV_IRQHandler
                0x00000000080015d8                EXTI9_5_IRQHandler
                0x00000000080015d8                RTC_WKUP_IRQHandler
                0x00000000080015d8                SPI2_IRQHandler
                0x00000000080015d8                DMA1_Stream0_IRQHandler
                0x00000000080015d8                EXTI4_IRQHandler
                0x00000000080015d8                WWDG_IRQHandler
                0x00000000080015d8                TIM2_IRQHandler
                0x00000000080015d8                OTG_FS_WKUP_IRQHandler
                0x00000000080015d8                TIM1_TRG_COM_TIM11_IRQHandler
                0x00000000080015d8                EXTI1_IRQHandler
                0x00000000080015d8                I2C2_ER_IRQHandler
                0x00000000080015d8                DMA2_Stream1_IRQHandler
                0x00000000080015d8                FLASH_IRQHandler
                0x00000000080015d8                DMA2_Stream4_IRQHandler
                0x00000000080015d8                USART1_IRQHandler
                0x00000000080015d8                OTG_FS_IRQHandler
                0x00000000080015d8                SPI3_IRQHandler
                0x00000000080015d8                DMA1_Stream4_IRQHandler
                0x00000000080015d8                I2C1_ER_IRQHandler
                0x00000000080015d8                DMA2_Stream6_IRQHandler
                0x00000000080015d8                DMA1_Stream3_IRQHandler
 *fill*         0x00000000080015da        0x2 
 .text.HAL_Init
                0x00000000080015dc       0x44 ./Drivers/STM32F4xx_HAL_Driver/Src/stm32f4xx_hal.o
                0x00000000080015dc                HAL_Init
 .text.HAL_InitTick
                0x0000000008001620       0x60 ./Drivers/STM32F4xx_HAL_Driver/Src/stm32f4xx_hal.o
                0x0000000008001620                HAL_InitTick
 .text.HAL_IncTick
                0x0000000008001680       0x28 ./Drivers/STM32F4xx_HAL_Driver/Src/stm32f4xx_hal.o
                0x0000000008001680                HAL_IncTick
 .text.HAL_GetTick
                0x00000000080016a8       0x18 ./Drivers/STM32F4xx_HAL_Driver/Src/stm32f4xx_hal.o
                0x00000000080016a8                HAL_GetTick
 .text.__NVIC_SetPriorityGrouping
                0x00000000080016c0       0x48 ./Drivers/STM32F4xx_HAL_Driver/Src/stm32f4xx_hal_cortex.o
 .text.__NVIC_GetPriorityGrouping
                0x0000000008001708       0x1c ./Drivers/STM32F4xx_HAL_Driver/Src/stm32f4xx_hal_cortex.o
 .text.__NVIC_SetPriority
                0x0000000008001724       0x54 ./Drivers/STM32F4xx_HAL_Driver/Src/stm32f4xx_hal_cortex.o
 .text.NVIC_EncodePriority
                0x0000000008001778       0x66 ./Drivers/STM32F4xx_HAL_Driver/Src/stm32f4xx_hal_cortex.o
 *fill*         0x00000000080017de        0x2 
 .text.SysTick_Config
                0x00000000080017e0       0x44 ./Drivers/STM32F4xx_HAL_Driver/Src/stm32f4xx_hal_cortex.o
 .text.HAL_NVIC_SetPriorityGrouping
                0x0000000008001824       0x16 ./Drivers/STM32F4xx_HAL_Driver/Src/stm32f4xx_hal_cortex.o
                0x0000000008001824                HAL_NVIC_SetPriorityGrouping
 .text.HAL_NVIC_SetPriority
                0x000000000800183a       0x38 ./Drivers/STM32F4xx_HAL_Driver/Src/stm32f4xx_hal_cortex.o
                0x000000000800183a                HAL_NVIC_SetPriority
 .text.HAL_SYSTICK_Config
                0x0000000008001872       0x18 ./Drivers/STM32F4xx_HAL_Driver/Src/stm32f4xx_hal_cortex.o
                0x0000000008001872                HAL_SYSTICK_Config
 *fill*         0x000000000800188a        0x2 
 .text.HAL_RCC_OscConfig
                0x000000000800188c      0x4f0 ./Drivers/STM32F4xx_HAL_Driver/Src/stm32f4xx_hal_rcc.o
                0x000000000800188c                HAL_RCC_OscConfig
 .text.HAL_RCC_ClockConfig
                0x0000000008001d7c      0x1cc ./Drivers/STM32F4xx_HAL_Driver/Src/stm32f4xx_hal_rcc.o
                0x0000000008001d7c                HAL_RCC_ClockConfig
 .text.HAL_RCC_GetSysClockFreq
                0x0000000008001f48      0x20c ./Drivers/STM32F4xx_HAL_Driver/Src/stm32f4xx_hal_rcc.o
                0x0000000008001f48                HAL_RCC_GetSysClockFreq
 .text.LL_EXTI_EnableIT_0_31
                0x0000000008002154       0x24 ./Drivers/STM32F4xx_HAL_Driver/Src/stm32f4xx_ll_exti.o
 .text.LL_EXTI_DisableIT_0_31
                0x0000000008002178       0x28 ./Drivers/STM32F4xx_HAL_Driver/Src/stm32f4xx_ll_exti.o
 .text.LL_EXTI_EnableEvent_0_31
                0x00000000080021a0       0x24 ./Drivers/STM32F4xx_HAL_Driver/Src/stm32f4xx_ll_exti.o
 .text.LL_EXTI_DisableEvent_0_31
                0x00000000080021c4       0x28 ./Drivers/STM32F4xx_HAL_Driver/Src/stm32f4xx_ll_exti.o
 .text.LL_EXTI_EnableRisingTrig_0_31
                0x00000000080021ec       0x24 ./Drivers/STM32F4xx_HAL_Driver/Src/stm32f4xx_ll_exti.o
 .text.LL_EXTI_DisableRisingTrig_0_31
                0x0000000008002210       0x28 ./Drivers/STM32F4xx_HAL_Driver/Src/stm32f4xx_ll_exti.o
 .text.LL_EXTI_EnableFallingTrig_0_31
                0x0000000008002238       0x24 ./Drivers/STM32F4xx_HAL_Driver/Src/stm32f4xx_ll_exti.o
 .text.LL_EXTI_DisableFallingTrig_0_31
                0x000000000800225c       0x28 ./Drivers/STM32F4xx_HAL_Driver/Src/stm32f4xx_ll_exti.o
 .text.LL_EXTI_Init
                0x0000000008002284       0xfe ./Drivers/STM32F4xx_HAL_Driver/Src/stm32f4xx_ll_exti.o
                0x0000000008002284                LL_EXTI_Init
 .text.LL_GPIO_SetPinMode
                0x0000000008002382       0x5e ./Drivers/STM32F4xx_HAL_Driver/Src/stm32f4xx_ll_gpio.o
 .text.LL_GPIO_SetPinOutputType
                0x00000000080023e0       0x30 ./Drivers/STM32F4xx_HAL_Driver/Src/stm32f4xx_ll_gpio.o
 .text.LL_GPIO_SetPinSpeed
                0x0000000008002410       0x5e ./Drivers/STM32F4xx_HAL_Driver/Src/stm32f4xx_ll_gpio.o
 .text.LL_GPIO_SetPinPull
                0x000000000800246e       0x5e ./Drivers/STM32F4xx_HAL_Driver/Src/stm32f4xx_ll_gpio.o
 .text.LL_GPIO_SetAFPin_0_7
                0x00000000080024cc       0x5e ./Drivers/STM32F4xx_HAL_Driver/Src/stm32f4xx_ll_gpio.o
 .text.LL_GPIO_SetAFPin_8_15
                0x000000000800252a       0x62 ./Drivers/STM32F4xx_HAL_Driver/Src/stm32f4xx_ll_gpio.o
 .text.LL_GPIO_Init
                0x000000000800258c       0xe6 ./Drivers/STM32F4xx_HAL_Driver/Src/stm32f4xx_ll_gpio.o
                0x000000000800258c                LL_GPIO_Init
 *fill*         0x0000000008002672        0x2 
 .text.LL_RCC_GetSysClkSource
                0x0000000008002674       0x1c ./Drivers/STM32F4xx_HAL_Driver/Src/stm32f4xx_ll_rcc.o
 .text.LL_RCC_GetAHBPrescaler
                0x0000000008002690       0x1c ./Drivers/STM32F4xx_HAL_Driver/Src/stm32f4xx_ll_rcc.o
 .text.LL_RCC_GetAPB1Prescaler
                0x00000000080026ac       0x1c ./Drivers/STM32F4xx_HAL_Driver/Src/stm32f4xx_ll_rcc.o
 .text.LL_RCC_GetAPB2Prescaler
                0x00000000080026c8       0x1c ./Drivers/STM32F4xx_HAL_Driver/Src/stm32f4xx_ll_rcc.o
 .text.LL_RCC_PLL_GetMainSource
                0x00000000080026e4       0x1c ./Drivers/STM32F4xx_HAL_Driver/Src/stm32f4xx_ll_rcc.o
 .text.LL_RCC_PLL_GetN
                0x0000000008002700       0x1c ./Drivers/STM32F4xx_HAL_Driver/Src/stm32f4xx_ll_rcc.o
 .text.LL_RCC_PLL_GetP
                0x000000000800271c       0x1c ./Drivers/STM32F4xx_HAL_Driver/Src/stm32f4xx_ll_rcc.o
 .text.LL_RCC_PLL_GetDivider
                0x0000000008002738       0x1c ./Drivers/STM32F4xx_HAL_Driver/Src/stm32f4xx_ll_rcc.o
 .text.LL_RCC_GetSystemClocksFreq
                0x0000000008002754       0x4a ./Drivers/STM32F4xx_HAL_Driver/Src/stm32f4xx_ll_rcc.o
                0x0000000008002754                LL_RCC_GetSystemClocksFreq
 *fill*         0x000000000800279e        0x2 
 .text.RCC_GetSystemClockFreq
                0x00000000080027a0       0x50 ./Drivers/STM32F4xx_HAL_Driver/Src/stm32f4xx_ll_rcc.o
                0x00000000080027a0                RCC_GetSystemClockFreq
 .text.RCC_GetHCLKClockFreq
                0x00000000080027f0       0x2c ./Drivers/STM32F4xx_HAL_Driver/Src/stm32f4xx_ll_rcc.o
                0x00000000080027f0                RCC_GetHCLKClockFreq
 .text.RCC_GetPCLK1ClockFreq
                0x000000000800281c       0x28 ./Drivers/STM32F4xx_HAL_Driver/Src/stm32f4xx_ll_rcc.o
                0x000000000800281c                RCC_GetPCLK1ClockFreq
 .text.RCC_GetPCLK2ClockFreq
                0x0000000008002844       0x28 ./Drivers/STM32F4xx_HAL_Driver/Src/stm32f4xx_ll_rcc.o
                0x0000000008002844                RCC_GetPCLK2ClockFreq
 .text.RCC_PLL_GetFreqDomain_SYS
                0x000000000800286c       0x7c ./Drivers/STM32F4xx_HAL_Driver/Src/stm32f4xx_ll_rcc.o
                0x000000000800286c                RCC_PLL_GetFreqDomain_SYS
 .text.LL_TIM_SetPrescaler
                0x00000000080028e8       0x1c ./Drivers/STM32F4xx_HAL_Driver/Src/stm32f4xx_ll_tim.o
 .text.LL_TIM_SetAutoReload
                0x0000000008002904       0x1c ./Drivers/STM32F4xx_HAL_Driver/Src/stm32f4xx_ll_tim.o
 .text.LL_TIM_SetRepetitionCounter
                0x0000000008002920       0x1c ./Drivers/STM32F4xx_HAL_Driver/Src/stm32f4xx_ll_tim.o
 .text.LL_TIM_OC_SetCompareCH1
                0x000000000800293c       0x1c ./Drivers/STM32F4xx_HAL_Driver/Src/stm32f4xx_ll_tim.o
 .text.LL_TIM_OC_SetCompareCH2
                0x0000000008002958       0x1c ./Drivers/STM32F4xx_HAL_Driver/Src/stm32f4xx_ll_tim.o
 .text.LL_TIM_OC_SetCompareCH3
                0x0000000008002974       0x1c ./Drivers/STM32F4xx_HAL_Driver/Src/stm32f4xx_ll_tim.o
 .text.LL_TIM_OC_SetCompareCH4
                0x0000000008002990       0x1c ./Drivers/STM32F4xx_HAL_Driver/Src/stm32f4xx_ll_tim.o
 .text.LL_TIM_GenerateEvent_UPDATE
                0x00000000080029ac       0x20 ./Drivers/STM32F4xx_HAL_Driver/Src/stm32f4xx_ll_tim.o
 .text.LL_TIM_Init
                0x00000000080029cc       0xf4 ./Drivers/STM32F4xx_HAL_Driver/Src/stm32f4xx_ll_tim.o
                0x00000000080029cc                LL_TIM_Init
 .text.LL_TIM_OC_Init
                0x0000000008002ac0       0x82 ./Drivers/STM32F4xx_HAL_Driver/Src/stm32f4xx_ll_tim.o
                0x0000000008002ac0                LL_TIM_OC_Init
 *fill*         0x0000000008002b42        0x2 
 .text.OC1Config
                0x0000000008002b44       0xcc ./Drivers/STM32F4xx_HAL_Driver/Src/stm32f4xx_ll_tim.o
 .text.OC2Config
                0x0000000008002c10       0xd4 ./Drivers/STM32F4xx_HAL_Driver/Src/stm32f4xx_ll_tim.o
 .text.OC3Config
                0x0000000008002ce4       0xd4 ./Drivers/STM32F4xx_HAL_Driver/Src/stm32f4xx_ll_tim.o
 .text.OC4Config
                0x0000000008002db8       0xa4 ./Drivers/STM32F4xx_HAL_Driver/Src/stm32f4xx_ll_tim.o
 .text.LL_USART_IsEnabled
                0x0000000008002e5c       0x28 ./Drivers/STM32F4xx_HAL_Driver/Src/stm32f4xx_ll_usart.o
 .text.LL_USART_SetStopBitsLength
                0x0000000008002e84       0x26 ./Drivers/STM32F4xx_HAL_Driver/Src/stm32f4xx_ll_usart.o
 .text.LL_USART_SetHWFlowCtrl
                0x0000000008002eaa       0x26 ./Drivers/STM32F4xx_HAL_Driver/Src/stm32f4xx_ll_usart.o
 .text.LL_USART_SetBaudRate
                0x0000000008002ed0      0x45c ./Drivers/STM32F4xx_HAL_Driver/Src/stm32f4xx_ll_usart.o
 .text.LL_USART_Init
                0x000000000800332c       0xc8 ./Drivers/STM32F4xx_HAL_Driver/Src/stm32f4xx_ll_usart.o
                0x000000000800332c                LL_USART_Init
 .text.memset   0x00000000080033f4       0x10 C:/ST/STM32CubeIDE_1.13.0/STM32CubeIDE/plugins/com.st.stm32cube.ide.mcu.externaltools.gnu-tools-for-stm32.11.3.rel1.win32_1.1.0.202305231506/tools/bin/../lib/gcc/arm-none-eabi/11.3.1/../../../../arm-none-eabi/lib/thumb/v7e-m+fp/hard\libc_nano.a(libc_a-memset.o)
                0x00000000080033f4                memset
 .text.__libc_init_array
                0x0000000008003404       0x48 C:/ST/STM32CubeIDE_1.13.0/STM32CubeIDE/plugins/com.st.stm32cube.ide.mcu.externaltools.gnu-tools-for-stm32.11.3.rel1.win32_1.1.0.202305231506/tools/bin/../lib/gcc/arm-none-eabi/11.3.1/../../../../arm-none-eabi/lib/thumb/v7e-m+fp/hard\libc_nano.a(libc_a-init.o)
                0x0000000008003404                __libc_init_array
 .text.memcpy   0x000000000800344c       0x1c C:/ST/STM32CubeIDE_1.13.0/STM32CubeIDE/plugins/com.st.stm32cube.ide.mcu.externaltools.gnu-tools-for-stm32.11.3.rel1.win32_1.1.0.202305231506/tools/bin/../lib/gcc/arm-none-eabi/11.3.1/../../../../arm-none-eabi/lib/thumb/v7e-m+fp/hard\libc_nano.a(libc_a-memcpy-stub.o)
                0x000000000800344c                memcpy
 *(.glue_7)
 .glue_7        0x0000000008003468        0x0 linker stubs
 *(.glue_7t)
 .glue_7t       0x0000000008003468        0x0 linker stubs
 *(.eh_frame)
 .eh_frame      0x0000000008003468        0x0 C:/ST/STM32CubeIDE_1.13.0/STM32CubeIDE/plugins/com.st.stm32cube.ide.mcu.externaltools.gnu-tools-for-stm32.11.3.rel1.win32_1.1.0.202305231506/tools/bin/../lib/gcc/arm-none-eabi/11.3.1/thumb/v7e-m+fp/hard/crtbegin.o
 *(.init)
 .init          0x0000000008003468        0x4 C:/ST/STM32CubeIDE_1.13.0/STM32CubeIDE/plugins/com.st.stm32cube.ide.mcu.externaltools.gnu-tools-for-stm32.11.3.rel1.win32_1.1.0.202305231506/tools/bin/../lib/gcc/arm-none-eabi/11.3.1/thumb/v7e-m+fp/hard/crti.o
                0x0000000008003468                _init
 .init          0x000000000800346c        0x8 C:/ST/STM32CubeIDE_1.13.0/STM32CubeIDE/plugins/com.st.stm32cube.ide.mcu.externaltools.gnu-tools-for-stm32.11.3.rel1.win32_1.1.0.202305231506/tools/bin/../lib/gcc/arm-none-eabi/11.3.1/thumb/v7e-m+fp/hard/crtn.o
 *(.fini)
 .fini          0x0000000008003474        0x4 C:/ST/STM32CubeIDE_1.13.0/STM32CubeIDE/plugins/com.st.stm32cube.ide.mcu.externaltools.gnu-tools-for-stm32.11.3.rel1.win32_1.1.0.202305231506/tools/bin/../lib/gcc/arm-none-eabi/11.3.1/thumb/v7e-m+fp/hard/crti.o
                0x0000000008003474                _fini
 .fini          0x0000000008003478        0x8 C:/ST/STM32CubeIDE_1.13.0/STM32CubeIDE/plugins/com.st.stm32cube.ide.mcu.externaltools.gnu-tools-for-stm32.11.3.rel1.win32_1.1.0.202305231506/tools/bin/../lib/gcc/arm-none-eabi/11.3.1/thumb/v7e-m+fp/hard/crtn.o
                0x0000000008003480                . = ALIGN (0x4)
                0x0000000008003480                _etext = .

.vfp11_veneer   0x0000000008003480        0x0
 .vfp11_veneer  0x0000000008003480        0x0 linker stubs

.v4_bx          0x0000000008003480        0x0
 .v4_bx         0x0000000008003480        0x0 linker stubs

.iplt           0x0000000008003480        0x0
 .iplt          0x0000000008003480        0x0 C:/ST/STM32CubeIDE_1.13.0/STM32CubeIDE/plugins/com.st.stm32cube.ide.mcu.externaltools.gnu-tools-for-stm32.11.3.rel1.win32_1.1.0.202305231506/tools/bin/../lib/gcc/arm-none-eabi/11.3.1/thumb/v7e-m+fp/hard/crtbegin.o

.rodata         0x0000000008003480       0x28
                0x0000000008003480                . = ALIGN (0x4)
 *(.rodata)
 *(.rodata*)
 .rodata.AHBPrescTable
                0x0000000008003480       0x10 ./Core/Src/system_stm32f4xx.o
                0x0000000008003480                AHBPrescTable
 .rodata.APBPrescTable
                0x0000000008003490        0x8 ./Core/Src/system_stm32f4xx.o
                0x0000000008003490                APBPrescTable
 .rodata.OFFSET_TAB_CCMRx
                0x0000000008003498        0x7 ./Core/Src/tim.o
 *fill*         0x000000000800349f        0x1 
 .rodata.SHIFT_TAB_OCxx
                0x00000000080034a0        0x7 ./Core/Src/tim.o
                0x00000000080034a8                . = ALIGN (0x4)
 *fill*         0x00000000080034a7        0x1 

.ARM.extab      0x00000000080034a8        0x0
                0x00000000080034a8                . = ALIGN (0x4)
 *(.ARM.extab* .gnu.linkonce.armextab.*)
                0x00000000080034a8                . = ALIGN (0x4)

.ARM            0x00000000080034a8        0x8
                0x00000000080034a8                . = ALIGN (0x4)
                0x00000000080034a8                __exidx_start = .
 *(.ARM.exidx*)
 .ARM.exidx     0x00000000080034a8        0x8 C:/ST/STM32CubeIDE_1.13.0/STM32CubeIDE/plugins/com.st.stm32cube.ide.mcu.externaltools.gnu-tools-for-stm32.11.3.rel1.win32_1.1.0.202305231506/tools/bin/../lib/gcc/arm-none-eabi/11.3.1/thumb/v7e-m+fp/hard\libgcc.a(_udivmoddi4.o)
                0x00000000080034b0                __exidx_end = .
                0x00000000080034b0                . = ALIGN (0x4)

.rel.dyn        0x00000000080034b0        0x0
 .rel.iplt      0x00000000080034b0        0x0 C:/ST/STM32CubeIDE_1.13.0/STM32CubeIDE/plugins/com.st.stm32cube.ide.mcu.externaltools.gnu-tools-for-stm32.11.3.rel1.win32_1.1.0.202305231506/tools/bin/../lib/gcc/arm-none-eabi/11.3.1/thumb/v7e-m+fp/hard/crtbegin.o

.preinit_array  0x00000000080034b0        0x0
                0x00000000080034b0                . = ALIGN (0x4)
                0x00000000080034b0                PROVIDE (__preinit_array_start = .)
 *(.preinit_array*)
                0x00000000080034b0                PROVIDE (__preinit_array_end = .)
                0x00000000080034b0                . = ALIGN (0x4)

.init_array     0x00000000080034b0        0x4
                0x00000000080034b0                . = ALIGN (0x4)
                0x00000000080034b0                PROVIDE (__init_array_start = .)
 *(SORT_BY_NAME(.init_array.*))
 *(.init_array*)
 .init_array    0x00000000080034b0        0x4 C:/ST/STM32CubeIDE_1.13.0/STM32CubeIDE/plugins/com.st.stm32cube.ide.mcu.externaltools.gnu-tools-for-stm32.11.3.rel1.win32_1.1.0.202305231506/tools/bin/../lib/gcc/arm-none-eabi/11.3.1/thumb/v7e-m+fp/hard/crtbegin.o
                0x00000000080034b4                PROVIDE (__init_array_end = .)
                0x00000000080034b4                . = ALIGN (0x4)

.fini_array     0x00000000080034b4        0x4
                0x00000000080034b4                . = ALIGN (0x4)
                [!provide]                        PROVIDE (__fini_array_start = .)
 *(SORT_BY_NAME(.fini_array.*))
 *(.fini_array*)
 .fini_array    0x00000000080034b4        0x4 C:/ST/STM32CubeIDE_1.13.0/STM32CubeIDE/plugins/com.st.stm32cube.ide.mcu.externaltools.gnu-tools-for-stm32.11.3.rel1.win32_1.1.0.202305231506/tools/bin/../lib/gcc/arm-none-eabi/11.3.1/thumb/v7e-m+fp/hard/crtbegin.o
                [!provide]                        PROVIDE (__fini_array_end = .)
                0x00000000080034b8                . = ALIGN (0x4)
                0x00000000080034b8                _sidata = LOADADDR (.data)

.data           0x0000000020000000       0x14 load address 0x00000000080034b8
                0x0000000020000000                . = ALIGN (0x4)
                0x0000000020000000                _sdata = .
 *(.data)
 *(.data*)
 .data.led_status
                0x0000000020000000        0x1 ./Core/Src/main.o
                0x0000000020000000                led_status
 *fill*         0x0000000020000001        0x1 
 .data.blink_param
                0x0000000020000002        0x2 ./Core/Src/main.o
                0x0000000020000002                blink_param
 .data.pwm_param
                0x0000000020000004        0x2 ./Core/Src/main.o
                0x0000000020000004                pwm_param
 *fill*         0x0000000020000006        0x2 
 .data.SystemCoreClock
                0x0000000020000008        0x4 ./Core/Src/system_stm32f4xx.o
                0x0000000020000008                SystemCoreClock
 .data.uwTickPrio
                0x000000002000000c        0x4 ./Drivers/STM32F4xx_HAL_Driver/Src/stm32f4xx_hal.o
                0x000000002000000c                uwTickPrio
 .data.uwTickFreq
                0x0000000020000010        0x1 ./Drivers/STM32F4xx_HAL_Driver/Src/stm32f4xx_hal.o
                0x0000000020000010                uwTickFreq
 *(.RamFunc)
 *(.RamFunc*)
                0x0000000020000014                . = ALIGN (0x4)
 *fill*         0x0000000020000011        0x3 
                0x0000000020000014                _edata = .

.igot.plt       0x0000000020000014        0x0 load address 0x00000000080034cc
 .igot.plt      0x0000000020000014        0x0 C:/ST/STM32CubeIDE_1.13.0/STM32CubeIDE/plugins/com.st.stm32cube.ide.mcu.externaltools.gnu-tools-for-stm32.11.3.rel1.win32_1.1.0.202305231506/tools/bin/../lib/gcc/arm-none-eabi/11.3.1/thumb/v7e-m+fp/hard/crtbegin.o
                0x0000000020000014                . = ALIGN (0x4)

.bss            0x0000000020000014     0x11e0 load address 0x00000000080034cc
                0x0000000020000014                _sbss = .
                0x0000000020000014                __bss_start__ = _sbss
 *(.bss)
 .bss           0x0000000020000014       0x1c C:/ST/STM32CubeIDE_1.13.0/STM32CubeIDE/plugins/com.st.stm32cube.ide.mcu.externaltools.gnu-tools-for-stm32.11.3.rel1.win32_1.1.0.202305231506/tools/bin/../lib/gcc/arm-none-eabi/11.3.1/thumb/v7e-m+fp/hard/crtbegin.o
 *(.bss*)
 .bss.led_queue_head
                0x0000000020000030        0x1 ./Core/Src/led_control.o
 *fill*         0x0000000020000031        0x1 
 .bss.blinkms   0x0000000020000032        0x2 ./Core/Src/led_control.o
                0x0000000020000032                blinkms
 .bss.dutyms    0x0000000020000034        0x2 ./Core/Src/led_control.o
                0x0000000020000034                dutyms
 *fill*         0x0000000020000036        0x2 
 .bss.message_queue
                0x0000000020000038     0x10a0 ./Core/Src/message_service.o
                0x0000000020000038                message_queue
 .bss.queue_head
                0x00000000200010d8        0x1 ./Core/Src/message_service.o
 .bss.message_queue_head
                0x00000000200010d9        0x1 ./Core/Src/message_service.o
 .bss.queue_tail
                0x00000000200010da        0x1 ./Core/Src/message_service.o
 *fill*         0x00000000200010db        0x1 
 .bss.current_message
                0x00000000200010dc      0x10a ./Core/Src/message_service.o
 .bss.message_index
                0x00000000200011e6        0x1 ./Core/Src/message_service.o
 .bss.footer_byte_count
                0x00000000200011e7        0x1 ./Core/Src/message_service.o
 .bss.state     0x00000000200011e8        0x1 ./Core/Src/message_service.o
 *fill*         0x00000000200011e9        0x3 
 .bss.SysTickDelayCount
                0x00000000200011ec        0x4 ./Core/Src/stm32f4xx_it.o
                0x00000000200011ec                SysTickDelayCount
 .bss.uwTick    0x00000000200011f0        0x4 ./Drivers/STM32F4xx_HAL_Driver/Src/stm32f4xx_hal.o
                0x00000000200011f0                uwTick
 *(COMMON)
                0x00000000200011f4                . = ALIGN (0x4)
                0x00000000200011f4                _ebss = .
                0x00000000200011f4                __bss_end__ = _ebss

._user_heap_stack
                0x00000000200011f4      0x604 load address 0x00000000080034cc
                0x00000000200011f8                . = ALIGN (0x8)
 *fill*         0x00000000200011f4        0x4 
                [!provide]                        PROVIDE (end = .)
                0x00000000200011f8                PROVIDE (_end = .)
                0x00000000200013f8                . = (. + _Min_Heap_Size)
 *fill*         0x00000000200011f8      0x200 
                0x00000000200017f8                . = (. + _Min_Stack_Size)
 *fill*         0x00000000200013f8      0x400 
                0x00000000200017f8                . = ALIGN (0x8)

/DISCARD/
 libc.a(*)
 libm.a(*)
 libgcc.a(*)

.ARM.attributes
                0x0000000000000000       0x30
 *(.ARM.attributes)
 .ARM.attributes
                0x0000000000000000       0x1e C:/ST/STM32CubeIDE_1.13.0/STM32CubeIDE/plugins/com.st.stm32cube.ide.mcu.externaltools.gnu-tools-for-stm32.11.3.rel1.win32_1.1.0.202305231506/tools/bin/../lib/gcc/arm-none-eabi/11.3.1/thumb/v7e-m+fp/hard/crti.o
 .ARM.attributes
                0x000000000000001e       0x34 C:/ST/STM32CubeIDE_1.13.0/STM32CubeIDE/plugins/com.st.stm32cube.ide.mcu.externaltools.gnu-tools-for-stm32.11.3.rel1.win32_1.1.0.202305231506/tools/bin/../lib/gcc/arm-none-eabi/11.3.1/thumb/v7e-m+fp/hard/crtbegin.o
 .ARM.attributes
                0x0000000000000052       0x34 ./Core/Src/gpio.o
 .ARM.attributes
                0x0000000000000086       0x34 ./Core/Src/led_control.o
 .ARM.attributes
                0x00000000000000ba       0x34 ./Core/Src/main.o
 .ARM.attributes
                0x00000000000000ee       0x34 ./Core/Src/message_service.o
 .ARM.attributes
                0x0000000000000122       0x34 ./Core/Src/stm32f4xx_hal_msp.o
 .ARM.attributes
                0x0000000000000156       0x34 ./Core/Src/stm32f4xx_it.o
 .ARM.attributes
                0x000000000000018a       0x34 ./Core/Src/system_stm32f4xx.o
 .ARM.attributes
                0x00000000000001be       0x34 ./Core/Src/tim.o
 .ARM.attributes
                0x00000000000001f2       0x34 ./Core/Src/usart.o
 .ARM.attributes
                0x0000000000000226       0x21 ./Core/Startup/startup_stm32f401retx.o
 .ARM.attributes
                0x0000000000000247       0x34 ./Drivers/STM32F4xx_HAL_Driver/Src/stm32f4xx_hal.o
 .ARM.attributes
                0x000000000000027b       0x34 ./Drivers/STM32F4xx_HAL_Driver/Src/stm32f4xx_hal_cortex.o
 .ARM.attributes
                0x00000000000002af       0x34 ./Drivers/STM32F4xx_HAL_Driver/Src/stm32f4xx_hal_rcc.o
 .ARM.attributes
                0x00000000000002e3       0x34 ./Drivers/STM32F4xx_HAL_Driver/Src/stm32f4xx_ll_exti.o
 .ARM.attributes
                0x0000000000000317       0x34 ./Drivers/STM32F4xx_HAL_Driver/Src/stm32f4xx_ll_gpio.o
 .ARM.attributes
                0x000000000000034b       0x34 ./Drivers/STM32F4xx_HAL_Driver/Src/stm32f4xx_ll_rcc.o
 .ARM.attributes
                0x000000000000037f       0x34 ./Drivers/STM32F4xx_HAL_Driver/Src/stm32f4xx_ll_tim.o
 .ARM.attributes
                0x00000000000003b3       0x34 ./Drivers/STM32F4xx_HAL_Driver/Src/stm32f4xx_ll_usart.o
 .ARM.attributes
                0x00000000000003e7       0x34 C:/ST/STM32CubeIDE_1.13.0/STM32CubeIDE/plugins/com.st.stm32cube.ide.mcu.externaltools.gnu-tools-for-stm32.11.3.rel1.win32_1.1.0.202305231506/tools/bin/../lib/gcc/arm-none-eabi/11.3.1/../../../../arm-none-eabi/lib/thumb/v7e-m+fp/hard\libc_nano.a(libc_a-memset.o)
 .ARM.attributes
                0x000000000000041b       0x34 C:/ST/STM32CubeIDE_1.13.0/STM32CubeIDE/plugins/com.st.stm32cube.ide.mcu.externaltools.gnu-tools-for-stm32.11.3.rel1.win32_1.1.0.202305231506/tools/bin/../lib/gcc/arm-none-eabi/11.3.1/../../../../arm-none-eabi/lib/thumb/v7e-m+fp/hard\libc_nano.a(libc_a-init.o)
 .ARM.attributes
                0x000000000000044f       0x34 C:/ST/STM32CubeIDE_1.13.0/STM32CubeIDE/plugins/com.st.stm32cube.ide.mcu.externaltools.gnu-tools-for-stm32.11.3.rel1.win32_1.1.0.202305231506/tools/bin/../lib/gcc/arm-none-eabi/11.3.1/../../../../arm-none-eabi/lib/thumb/v7e-m+fp/hard\libc_nano.a(libc_a-memcpy-stub.o)
 .ARM.attributes
                0x0000000000000483       0x1e C:/ST/STM32CubeIDE_1.13.0/STM32CubeIDE/plugins/com.st.stm32cube.ide.mcu.externaltools.gnu-tools-for-stm32.11.3.rel1.win32_1.1.0.202305231506/tools/bin/../lib/gcc/arm-none-eabi/11.3.1/thumb/v7e-m+fp/hard\libgcc.a(_aeabi_uldivmod.o)
 .ARM.attributes
                0x00000000000004a1       0x34 C:/ST/STM32CubeIDE_1.13.0/STM32CubeIDE/plugins/com.st.stm32cube.ide.mcu.externaltools.gnu-tools-for-stm32.11.3.rel1.win32_1.1.0.202305231506/tools/bin/../lib/gcc/arm-none-eabi/11.3.1/thumb/v7e-m+fp/hard\libgcc.a(_udivmoddi4.o)
 .ARM.attributes
                0x00000000000004d5       0x1e C:/ST/STM32CubeIDE_1.13.0/STM32CubeIDE/plugins/com.st.stm32cube.ide.mcu.externaltools.gnu-tools-for-stm32.11.3.rel1.win32_1.1.0.202305231506/tools/bin/../lib/gcc/arm-none-eabi/11.3.1/thumb/v7e-m+fp/hard\libgcc.a(_dvmd_tls.o)
 .ARM.attributes
                0x00000000000004f3       0x1e C:/ST/STM32CubeIDE_1.13.0/STM32CubeIDE/plugins/com.st.stm32cube.ide.mcu.externaltools.gnu-tools-for-stm32.11.3.rel1.win32_1.1.0.202305231506/tools/bin/../lib/gcc/arm-none-eabi/11.3.1/thumb/v7e-m+fp/hard/crtn.o
OUTPUT(UART_BINARY_X.elf elf32-littlearm)
LOAD linker stubs
LOAD C:/ST/STM32CubeIDE_1.13.0/STM32CubeIDE/plugins/com.st.stm32cube.ide.mcu.externaltools.gnu-tools-for-stm32.11.3.rel1.win32_1.1.0.202305231506/tools/bin/../lib/gcc/arm-none-eabi/11.3.1/../../../../arm-none-eabi/lib/thumb/v7e-m+fp/hard\libc.a
LOAD C:/ST/STM32CubeIDE_1.13.0/STM32CubeIDE/plugins/com.st.stm32cube.ide.mcu.externaltools.gnu-tools-for-stm32.11.3.rel1.win32_1.1.0.202305231506/tools/bin/../lib/gcc/arm-none-eabi/11.3.1/../../../../arm-none-eabi/lib/thumb/v7e-m+fp/hard\libm.a
LOAD C:/ST/STM32CubeIDE_1.13.0/STM32CubeIDE/plugins/com.st.stm32cube.ide.mcu.externaltools.gnu-tools-for-stm32.11.3.rel1.win32_1.1.0.202305231506/tools/bin/../lib/gcc/arm-none-eabi/11.3.1/thumb/v7e-m+fp/hard\libgcc.a

.comment        0x0000000000000000       0x43
 .comment       0x0000000000000000       0x43 C:/ST/STM32CubeIDE_1.13.0/STM32CubeIDE/plugins/com.st.stm32cube.ide.mcu.externaltools.gnu-tools-for-stm32.11.3.rel1.win32_1.1.0.202305231506/tools/bin/../lib/gcc/arm-none-eabi/11.3.1/thumb/v7e-m+fp/hard/crtbegin.o
                                         0x44 (size before relaxing)
 .comment       0x0000000000000043       0x44 ./Core/Src/gpio.o
 .comment       0x0000000000000043       0x44 ./Core/Src/led_control.o
 .comment       0x0000000000000043       0x44 ./Core/Src/main.o
 .comment       0x0000000000000043       0x44 ./Core/Src/message_service.o
 .comment       0x0000000000000043       0x44 ./Core/Src/stm32f4xx_hal_msp.o
 .comment       0x0000000000000043       0x44 ./Core/Src/stm32f4xx_it.o
 .comment       0x0000000000000043       0x44 ./Core/Src/system_stm32f4xx.o
 .comment       0x0000000000000043       0x44 ./Core/Src/tim.o
 .comment       0x0000000000000043       0x44 ./Core/Src/usart.o
 .comment       0x0000000000000043       0x44 ./Drivers/STM32F4xx_HAL_Driver/Src/stm32f4xx_hal.o
 .comment       0x0000000000000043       0x44 ./Drivers/STM32F4xx_HAL_Driver/Src/stm32f4xx_hal_cortex.o
 .comment       0x0000000000000043       0x44 ./Drivers/STM32F4xx_HAL_Driver/Src/stm32f4xx_hal_rcc.o
 .comment       0x0000000000000043       0x44 ./Drivers/STM32F4xx_HAL_Driver/Src/stm32f4xx_ll_exti.o
 .comment       0x0000000000000043       0x44 ./Drivers/STM32F4xx_HAL_Driver/Src/stm32f4xx_ll_gpio.o
 .comment       0x0000000000000043       0x44 ./Drivers/STM32F4xx_HAL_Driver/Src/stm32f4xx_ll_rcc.o
 .comment       0x0000000000000043       0x44 ./Drivers/STM32F4xx_HAL_Driver/Src/stm32f4xx_ll_tim.o
 .comment       0x0000000000000043       0x44 ./Drivers/STM32F4xx_HAL_Driver/Src/stm32f4xx_ll_usart.o

.debug_info     0x0000000000000000     0x8000
 .debug_info    0x0000000000000000      0x677 ./Core/Src/gpio.o
 .debug_info    0x0000000000000677      0x2f3 ./Core/Src/led_control.o
 .debug_info    0x000000000000096a      0x862 ./Core/Src/main.o
 .debug_info    0x00000000000011cc      0x561 ./Core/Src/message_service.o
 .debug_info    0x000000000000172d      0x35b ./Core/Src/stm32f4xx_hal_msp.o
 .debug_info    0x0000000000001a88      0x24a ./Core/Src/stm32f4xx_it.o
 .debug_info    0x0000000000001cd2      0x53e ./Core/Src/system_stm32f4xx.o
 .debug_info    0x0000000000002210      0x989 ./Core/Src/tim.o
 .debug_info    0x0000000000002b99      0xd5b ./Core/Src/usart.o
 .debug_info    0x00000000000038f4       0x23 ./Core/Startup/startup_stm32f401retx.o
 .debug_info    0x0000000000003917      0x8bb ./Drivers/STM32F4xx_HAL_Driver/Src/stm32f4xx_hal.o
 .debug_info    0x00000000000041d2      0xcb0 ./Drivers/STM32F4xx_HAL_Driver/Src/stm32f4xx_hal_cortex.o
 .debug_info    0x0000000000004e82      0x8f3 ./Drivers/STM32F4xx_HAL_Driver/Src/stm32f4xx_hal_rcc.o
 .debug_info    0x0000000000005775      0x337 ./Drivers/STM32F4xx_HAL_Driver/Src/stm32f4xx_ll_exti.o
 .debug_info    0x0000000000005aac      0x7e4 ./Drivers/STM32F4xx_HAL_Driver/Src/stm32f4xx_ll_gpio.o
 .debug_info    0x0000000000006290      0x747 ./Drivers/STM32F4xx_HAL_Driver/Src/stm32f4xx_ll_rcc.o
 .debug_info    0x00000000000069d7      0xf2d ./Drivers/STM32F4xx_HAL_Driver/Src/stm32f4xx_ll_tim.o
 .debug_info    0x0000000000007904      0x6fc ./Drivers/STM32F4xx_HAL_Driver/Src/stm32f4xx_ll_usart.o

.debug_abbrev   0x0000000000000000     0x2171
 .debug_abbrev  0x0000000000000000      0x1ec ./Core/Src/gpio.o
 .debug_abbrev  0x00000000000001ec      0x155 ./Core/Src/led_control.o
 .debug_abbrev  0x0000000000000341      0x301 ./Core/Src/main.o
 .debug_abbrev  0x0000000000000642      0x245 ./Core/Src/message_service.o
 .debug_abbrev  0x0000000000000887       0xf9 ./Core/Src/stm32f4xx_hal_msp.o
 .debug_abbrev  0x0000000000000980      0x13b ./Core/Src/stm32f4xx_it.o
 .debug_abbrev  0x0000000000000abb      0x11a ./Core/Src/system_stm32f4xx.o
 .debug_abbrev  0x0000000000000bd5      0x197 ./Core/Src/tim.o
 .debug_abbrev  0x0000000000000d6c      0x26e ./Core/Src/usart.o
 .debug_abbrev  0x0000000000000fda       0x12 ./Core/Startup/startup_stm32f401retx.o
 .debug_abbrev  0x0000000000000fec      0x24b ./Drivers/STM32F4xx_HAL_Driver/Src/stm32f4xx_hal.o
 .debug_abbrev  0x0000000000001237      0x327 ./Drivers/STM32F4xx_HAL_Driver/Src/stm32f4xx_hal_cortex.o
 .debug_abbrev  0x000000000000155e      0x2b5 ./Drivers/STM32F4xx_HAL_Driver/Src/stm32f4xx_hal_rcc.o
 .debug_abbrev  0x0000000000001813      0x159 ./Drivers/STM32F4xx_HAL_Driver/Src/stm32f4xx_ll_exti.o
 .debug_abbrev  0x000000000000196c      0x21f ./Drivers/STM32F4xx_HAL_Driver/Src/stm32f4xx_ll_gpio.o
 .debug_abbrev  0x0000000000001b8b      0x1ec ./Drivers/STM32F4xx_HAL_Driver/Src/stm32f4xx_ll_rcc.o
 .debug_abbrev  0x0000000000001d77      0x20f ./Drivers/STM32F4xx_HAL_Driver/Src/stm32f4xx_ll_tim.o
 .debug_abbrev  0x0000000000001f86      0x1eb ./Drivers/STM32F4xx_HAL_Driver/Src/stm32f4xx_ll_usart.o

.debug_aranges  0x0000000000000000      0x900
 .debug_aranges
                0x0000000000000000       0x40 ./Core/Src/gpio.o
 .debug_aranges
                0x0000000000000040       0x20 ./Core/Src/led_control.o
 .debug_aranges
                0x0000000000000060       0x38 ./Core/Src/main.o
 .debug_aranges
                0x0000000000000098       0x58 ./Core/Src/message_service.o
 .debug_aranges
                0x00000000000000f0       0x20 ./Core/Src/stm32f4xx_hal_msp.o
 .debug_aranges
                0x0000000000000110       0x70 ./Core/Src/stm32f4xx_it.o
 .debug_aranges
                0x0000000000000180       0x28 ./Core/Src/system_stm32f4xx.o
 .debug_aranges
                0x00000000000001a8       0x78 ./Core/Src/tim.o
 .debug_aranges
                0x0000000000000220       0x88 ./Core/Src/usart.o
 .debug_aranges
                0x00000000000002a8       0x28 ./Core/Startup/startup_stm32f401retx.o
 .debug_aranges
                0x00000000000002d0       0xf0 ./Drivers/STM32F4xx_HAL_Driver/Src/stm32f4xx_hal.o
 .debug_aranges
                0x00000000000003c0      0x118 ./Drivers/STM32F4xx_HAL_Driver/Src/stm32f4xx_hal_cortex.o
 .debug_aranges
                0x00000000000004d8       0x88 ./Drivers/STM32F4xx_HAL_Driver/Src/stm32f4xx_hal_rcc.o
 .debug_aranges
                0x0000000000000560       0x70 ./Drivers/STM32F4xx_HAL_Driver/Src/stm32f4xx_ll_exti.o
 .debug_aranges
                0x00000000000005d0       0x70 ./Drivers/STM32F4xx_HAL_Driver/Src/stm32f4xx_ll_gpio.o
 .debug_aranges
                0x0000000000000640      0x110 ./Drivers/STM32F4xx_HAL_Driver/Src/stm32f4xx_ll_rcc.o
 .debug_aranges
                0x0000000000000750      0x128 ./Drivers/STM32F4xx_HAL_Driver/Src/stm32f4xx_ll_tim.o
 .debug_aranges
                0x0000000000000878       0x88 ./Drivers/STM32F4xx_HAL_Driver/Src/stm32f4xx_ll_usart.o

.debug_rnglists
                0x0000000000000000      0x687
 .debug_rnglists
                0x0000000000000000       0x2b ./Core/Src/gpio.o
 .debug_rnglists
                0x000000000000002b       0x14 ./Core/Src/led_control.o
 .debug_rnglists
                0x000000000000003f       0x26 ./Core/Src/main.o
 .debug_rnglists
                0x0000000000000065       0x40 ./Core/Src/message_service.o
 .debug_rnglists
                0x00000000000000a5       0x13 ./Core/Src/stm32f4xx_hal_msp.o
 .debug_rnglists
                0x00000000000000b8       0x4f ./Core/Src/stm32f4xx_it.o
 .debug_rnglists
                0x0000000000000107       0x1a ./Core/Src/system_stm32f4xx.o
 .debug_rnglists
                0x0000000000000121       0x58 ./Core/Src/tim.o
 .debug_rnglists
                0x0000000000000179       0x62 ./Core/Src/usart.o
 .debug_rnglists
                0x00000000000001db       0x19 ./Core/Startup/startup_stm32f401retx.o
 .debug_rnglists
                0x00000000000001f4       0xaf ./Drivers/STM32F4xx_HAL_Driver/Src/stm32f4xx_hal.o
 .debug_rnglists
                0x00000000000002a3       0xce ./Drivers/STM32F4xx_HAL_Driver/Src/stm32f4xx_hal_cortex.o
 .debug_rnglists
                0x0000000000000371       0x66 ./Drivers/STM32F4xx_HAL_Driver/Src/stm32f4xx_hal_rcc.o
 .debug_rnglists
                0x00000000000003d7       0x50 ./Drivers/STM32F4xx_HAL_Driver/Src/stm32f4xx_ll_exti.o
 .debug_rnglists
                0x0000000000000427       0x51 ./Drivers/STM32F4xx_HAL_Driver/Src/stm32f4xx_ll_gpio.o
 .debug_rnglists
                0x0000000000000478       0xc8 ./Drivers/STM32F4xx_HAL_Driver/Src/stm32f4xx_ll_rcc.o
 .debug_rnglists
                0x0000000000000540       0xe4 ./Drivers/STM32F4xx_HAL_Driver/Src/stm32f4xx_ll_tim.o
 .debug_rnglists
                0x0000000000000624       0x63 ./Drivers/STM32F4xx_HAL_Driver/Src/stm32f4xx_ll_usart.o

.debug_macro    0x0000000000000000    0x18af5
 .debug_macro   0x0000000000000000      0x22c ./Core/Src/gpio.o
 .debug_macro   0x000000000000022c      0xaae ./Core/Src/gpio.o
 .debug_macro   0x0000000000000cda      0x28f ./Core/Src/gpio.o
 .debug_macro   0x0000000000000f69       0x2e ./Core/Src/gpio.o
 .debug_macro   0x0000000000000f97       0x28 ./Core/Src/gpio.o
 .debug_macro   0x0000000000000fbf       0x22 ./Core/Src/gpio.o
 .debug_macro   0x0000000000000fe1       0x8e ./Core/Src/gpio.o
 .debug_macro   0x000000000000106f       0x51 ./Core/Src/gpio.o
 .debug_macro   0x00000000000010c0      0x103 ./Core/Src/gpio.o
 .debug_macro   0x00000000000011c3       0x6a ./Core/Src/gpio.o
 .debug_macro   0x000000000000122d      0x1df ./Core/Src/gpio.o
 .debug_macro   0x000000000000140c       0x1c ./Core/Src/gpio.o
 .debug_macro   0x0000000000001428       0x22 ./Core/Src/gpio.o
 .debug_macro   0x000000000000144a       0xd9 ./Core/Src/gpio.o
 .debug_macro   0x0000000000001523     0x102d ./Core/Src/gpio.o
 .debug_macro   0x0000000000002550      0x11f ./Core/Src/gpio.o
 .debug_macro   0x000000000000266f     0xb86c ./Core/Src/gpio.o
 .debug_macro   0x000000000000dedb       0x6d ./Core/Src/gpio.o
 .debug_macro   0x000000000000df48     0x367e ./Core/Src/gpio.o
 .debug_macro   0x00000000000115c6      0x174 ./Core/Src/gpio.o
 .debug_macro   0x000000000001173a       0x5c ./Core/Src/gpio.o
 .debug_macro   0x0000000000011796      0x416 ./Core/Src/gpio.o
 .debug_macro   0x0000000000011bac      0x9fe ./Core/Src/gpio.o
 .debug_macro   0x00000000000125aa      0x115 ./Core/Src/gpio.o
 .debug_macro   0x00000000000126bf       0xf8 ./Core/Src/gpio.o
 .debug_macro   0x00000000000127b7       0xa5 ./Core/Src/gpio.o
 .debug_macro   0x000000000001285c      0x15f ./Core/Src/gpio.o
 .debug_macro   0x00000000000129bb      0x287 ./Core/Src/gpio.o
 .debug_macro   0x0000000000012c42       0x5f ./Core/Src/gpio.o
 .debug_macro   0x0000000000012ca1      0x236 ./Core/Src/gpio.o
 .debug_macro   0x0000000000012ed7      0x132 ./Core/Src/gpio.o
 .debug_macro   0x0000000000013009      0x264 ./Core/Src/gpio.o
 .debug_macro   0x000000000001326d       0x2e ./Core/Src/gpio.o
 .debug_macro   0x000000000001329b      0x11a ./Core/Src/gpio.o
 .debug_macro   0x00000000000133b5       0x85 ./Core/Src/gpio.o
 .debug_macro   0x000000000001343a       0x89 ./Core/Src/gpio.o
 .debug_macro   0x00000000000134c3      0x126 ./Core/Src/gpio.o
 .debug_macro   0x00000000000135e9      0x5f3 ./Core/Src/gpio.o
 .debug_macro   0x0000000000013bdc      0x1bb ./Core/Src/gpio.o
 .debug_macro   0x0000000000013d97      0x788 ./Core/Src/gpio.o
 .debug_macro   0x000000000001451f      0x1ab ./Core/Src/gpio.o
 .debug_macro   0x00000000000146ca      0x149 ./Core/Src/gpio.o
 .debug_macro   0x0000000000014813       0xe8 ./Core/Src/gpio.o
 .debug_macro   0x00000000000148fb      0x116 ./Core/Src/gpio.o
 .debug_macro   0x0000000000014a11      0x1a6 ./Core/Src/gpio.o
 .debug_macro   0x0000000000014bb7       0x61 ./Core/Src/gpio.o
 .debug_macro   0x0000000000014c18       0xbc ./Core/Src/gpio.o
 .debug_macro   0x0000000000014cd4      0x1e6 ./Core/Src/gpio.o
 .debug_macro   0x0000000000014eba       0x4c ./Core/Src/gpio.o
 .debug_macro   0x0000000000014f06      0x322 ./Core/Src/led_control.o
 .debug_macro   0x0000000000015228       0x22 ./Core/Src/led_control.o
 .debug_macro   0x000000000001524a       0x10 ./Core/Src/led_control.o
 .debug_macro   0x000000000001525a       0x61 ./Core/Src/led_control.o
 .debug_macro   0x00000000000152bb       0x2a ./Core/Src/led_control.o
 .debug_macro   0x00000000000152e5       0x43 ./Core/Src/led_control.o
 .debug_macro   0x0000000000015328       0x34 ./Core/Src/led_control.o
 .debug_macro   0x000000000001535c       0x16 ./Core/Src/led_control.o
 .debug_macro   0x0000000000015372       0x43 ./Core/Src/led_control.o
 .debug_macro   0x00000000000153b5       0x34 ./Core/Src/led_control.o
 .debug_macro   0x00000000000153e9       0x10 ./Core/Src/led_control.o
 .debug_macro   0x00000000000153f9       0x58 ./Core/Src/led_control.o
 .debug_macro   0x0000000000015451       0x8e ./Core/Src/led_control.o
 .debug_macro   0x00000000000154df       0x1c ./Core/Src/led_control.o
 .debug_macro   0x00000000000154fb      0x177 ./Core/Src/led_control.o
 .debug_macro   0x0000000000015672      0x369 ./Core/Src/led_control.o
 .debug_macro   0x00000000000159db       0x10 ./Core/Src/led_control.o
 .debug_macro   0x00000000000159eb       0x35 ./Core/Src/led_control.o
 .debug_macro   0x0000000000015a20       0x20 ./Core/Src/led_control.o
 .debug_macro   0x0000000000015a40      0x261 ./Core/Src/main.o
 .debug_macro   0x0000000000015ca1       0x10 ./Core/Src/main.o
 .debug_macro   0x0000000000015cb1      0x312 ./Core/Src/message_service.o
 .debug_macro   0x0000000000015fc3      0x222 ./Core/Src/stm32f4xx_hal_msp.o
 .debug_macro   0x00000000000161e5      0x22c ./Core/Src/stm32f4xx_it.o
 .debug_macro   0x0000000000016411      0x1b0 ./Core/Src/system_stm32f4xx.o
 .debug_macro   0x00000000000165c1      0x231 ./Core/Src/tim.o
 .debug_macro   0x00000000000167f2      0x22c ./Core/Src/usart.o
 .debug_macro   0x0000000000016a1e      0x210 ./Drivers/STM32F4xx_HAL_Driver/Src/stm32f4xx_hal.o
 .debug_macro   0x0000000000016c2e      0x1b0 ./Drivers/STM32F4xx_HAL_Driver/Src/stm32f4xx_hal_cortex.o
 .debug_macro   0x0000000000016dde      0x1d4 ./Drivers/STM32F4xx_HAL_Driver/Src/stm32f4xx_hal_rcc.o
 .debug_macro   0x0000000000016fb2      0x1d7 ./Drivers/STM32F4xx_HAL_Driver/Src/stm32f4xx_ll_exti.o
 .debug_macro   0x0000000000017189       0xe2 ./Drivers/STM32F4xx_HAL_Driver/Src/stm32f4xx_ll_exti.o
 .debug_macro   0x000000000001726b      0x1f2 ./Drivers/STM32F4xx_HAL_Driver/Src/stm32f4xx_ll_gpio.o
 .debug_macro   0x000000000001745d      0x143 ./Drivers/STM32F4xx_HAL_Driver/Src/stm32f4xx_ll_gpio.o
 .debug_macro   0x00000000000175a0      0x1d7 ./Drivers/STM32F4xx_HAL_Driver/Src/stm32f4xx_ll_rcc.o
 .debug_macro   0x0000000000017777      0x782 ./Drivers/STM32F4xx_HAL_Driver/Src/stm32f4xx_ll_rcc.o
 .debug_macro   0x0000000000017ef9      0x23b ./Drivers/STM32F4xx_HAL_Driver/Src/stm32f4xx_ll_tim.o
 .debug_macro   0x0000000000018134      0x5ed ./Drivers/STM32F4xx_HAL_Driver/Src/stm32f4xx_ll_tim.o
 .debug_macro   0x0000000000018721      0x21f ./Drivers/STM32F4xx_HAL_Driver/Src/stm32f4xx_ll_usart.o
 .debug_macro   0x0000000000018940      0x1b5 ./Drivers/STM32F4xx_HAL_Driver/Src/stm32f4xx_ll_usart.o

.debug_line     0x0000000000000000     0xaca7
 .debug_line    0x0000000000000000      0x8e9 ./Core/Src/gpio.o
 .debug_line    0x00000000000008e9      0x9d8 ./Core/Src/led_control.o
 .debug_line    0x00000000000012c1      0x91c ./Core/Src/main.o
 .debug_line    0x0000000000001bdd      0xbbb ./Core/Src/message_service.o
 .debug_line    0x0000000000002798      0x7fd ./Core/Src/stm32f4xx_hal_msp.o
 .debug_line    0x0000000000002f95      0x901 ./Core/Src/stm32f4xx_it.o
 .debug_line    0x0000000000003896      0x77f ./Core/Src/system_stm32f4xx.o
 .debug_line    0x0000000000004015      0xa40 ./Core/Src/tim.o
 .debug_line    0x0000000000004a55      0xa4b ./Core/Src/usart.o
 .debug_line    0x00000000000054a0       0x7a ./Core/Startup/startup_stm32f401retx.o
 .debug_line    0x000000000000551a      0x9e5 ./Drivers/STM32F4xx_HAL_Driver/Src/stm32f4xx_hal.o
 .debug_line    0x0000000000005eff      0xc94 ./Drivers/STM32F4xx_HAL_Driver/Src/stm32f4xx_hal_cortex.o
 .debug_line    0x0000000000006b93      0xd5e ./Drivers/STM32F4xx_HAL_Driver/Src/stm32f4xx_hal_rcc.o
 .debug_line    0x00000000000078f1      0x86c ./Drivers/STM32F4xx_HAL_Driver/Src/stm32f4xx_ll_exti.o
 .debug_line    0x000000000000815d      0x9ba ./Drivers/STM32F4xx_HAL_Driver/Src/stm32f4xx_ll_gpio.o
 .debug_line    0x0000000000008b17      0xb69 ./Drivers/STM32F4xx_HAL_Driver/Src/stm32f4xx_ll_rcc.o
 .debug_line    0x0000000000009680      0xceb ./Drivers/STM32F4xx_HAL_Driver/Src/stm32f4xx_ll_tim.o
 .debug_line    0x000000000000a36b      0x93c ./Drivers/STM32F4xx_HAL_Driver/Src/stm32f4xx_ll_usart.o

.debug_str      0x0000000000000000    0x90c66
 .debug_str     0x0000000000000000    0x897dc ./Core/Src/gpio.o
                                      0x89d05 (size before relaxing)
 .debug_str     0x00000000000897dc     0x332c ./Core/Src/led_control.o
                                      0x8cdcb (size before relaxing)
 .debug_str     0x000000000008cb08      0x2d2 ./Core/Src/main.o
                                      0x89fb2 (size before relaxing)
 .debug_str     0x000000000008cdda      0x126 ./Core/Src/message_service.o
                                      0x8cec6 (size before relaxing)
 .debug_str     0x000000000008cf00       0x49 ./Core/Src/stm32f4xx_hal_msp.o
                                      0x89bc9 (size before relaxing)
 .debug_str     0x000000000008cf49      0x104 ./Core/Src/stm32f4xx_it.o
                                      0x89b6f (size before relaxing)
 .debug_str     0x000000000008d04d       0xdb ./Core/Src/system_stm32f4xx.o
                                      0x7d21d (size before relaxing)
 .debug_str     0x000000000008d128      0x261 ./Core/Src/tim.o
                                      0x89f1a (size before relaxing)
 .debug_str     0x000000000008d389      0x558 ./Core/Src/usart.o
                                      0x8a2fe (size before relaxing)
 .debug_str     0x000000000008d8e1       0x34 ./Core/Startup/startup_stm32f401retx.o
                                         0x77 (size before relaxing)
 .debug_str     0x000000000008d915      0x5f7 ./Drivers/STM32F4xx_HAL_Driver/Src/stm32f4xx_hal.o
                                      0x7dc3f (size before relaxing)
 .debug_str     0x000000000008df0c      0x2b0 ./Drivers/STM32F4xx_HAL_Driver/Src/stm32f4xx_hal_cortex.o
                                      0x7d960 (size before relaxing)
 .debug_str     0x000000000008e1bc      0x241 ./Drivers/STM32F4xx_HAL_Driver/Src/stm32f4xx_hal_rcc.o
                                      0x7d651 (size before relaxing)
 .debug_str     0x000000000008e3fd      0x313 ./Drivers/STM32F4xx_HAL_Driver/Src/stm32f4xx_ll_exti.o
                                      0x7d893 (size before relaxing)
 .debug_str     0x000000000008e710      0x632 ./Drivers/STM32F4xx_HAL_Driver/Src/stm32f4xx_ll_gpio.o
                                      0x7e6d8 (size before relaxing)
 .debug_str     0x000000000008ed42      0x4df ./Drivers/STM32F4xx_HAL_Driver/Src/stm32f4xx_ll_rcc.o
                                      0x816ca (size before relaxing)
 .debug_str     0x000000000008f221     0x1275 ./Drivers/STM32F4xx_HAL_Driver/Src/stm32f4xx_ll_tim.o
                                      0x81de8 (size before relaxing)
 .debug_str     0x0000000000090496      0x7d0 ./Drivers/STM32F4xx_HAL_Driver/Src/stm32f4xx_ll_usart.o
                                      0x83040 (size before relaxing)

.debug_frame    0x0000000000000000     0x22d4
 .debug_frame   0x0000000000000000       0xd4 ./Core/Src/gpio.o
 .debug_frame   0x00000000000000d4       0x38 ./Core/Src/led_control.o
 .debug_frame   0x000000000000010c       0x94 ./Core/Src/main.o
 .debug_frame   0x00000000000001a0      0x144 ./Core/Src/message_service.o
 .debug_frame   0x00000000000002e4       0x34 ./Core/Src/stm32f4xx_hal_msp.o
 .debug_frame   0x0000000000000318      0x148 ./Core/Src/stm32f4xx_it.o
 .debug_frame   0x0000000000000460       0x58 ./Core/Src/system_stm32f4xx.o
 .debug_frame   0x00000000000004b8      0x1ec ./Core/Src/tim.o
 .debug_frame   0x00000000000006a4      0x22c ./Core/Src/usart.o
 .debug_frame   0x00000000000008d0      0x374 ./Drivers/STM32F4xx_HAL_Driver/Src/stm32f4xx_hal.o
 .debug_frame   0x0000000000000c44      0x498 ./Drivers/STM32F4xx_HAL_Driver/Src/stm32f4xx_hal_cortex.o
 .debug_frame   0x00000000000010dc      0x1f4 ./Drivers/STM32F4xx_HAL_Driver/Src/stm32f4xx_hal_rcc.o
 .debug_frame   0x00000000000012d0      0x1bc ./Drivers/STM32F4xx_HAL_Driver/Src/stm32f4xx_ll_exti.o
 .debug_frame   0x000000000000148c      0x1c0 ./Drivers/STM32F4xx_HAL_Driver/Src/stm32f4xx_ll_gpio.o
 .debug_frame   0x000000000000164c      0x43c ./Drivers/STM32F4xx_HAL_Driver/Src/stm32f4xx_ll_rcc.o
 .debug_frame   0x0000000000001a88      0x538 ./Drivers/STM32F4xx_HAL_Driver/Src/stm32f4xx_ll_tim.o
 .debug_frame   0x0000000000001fc0      0x240 ./Drivers/STM32F4xx_HAL_Driver/Src/stm32f4xx_ll_usart.o
 .debug_frame   0x0000000000002200       0x20 C:/ST/STM32CubeIDE_1.13.0/STM32CubeIDE/plugins/com.st.stm32cube.ide.mcu.externaltools.gnu-tools-for-stm32.11.3.rel1.win32_1.1.0.202305231506/tools/bin/../lib/gcc/arm-none-eabi/11.3.1/../../../../arm-none-eabi/lib/thumb/v7e-m+fp/hard\libc_nano.a(libc_a-memset.o)
 .debug_frame   0x0000000000002220       0x2c C:/ST/STM32CubeIDE_1.13.0/STM32CubeIDE/plugins/com.st.stm32cube.ide.mcu.externaltools.gnu-tools-for-stm32.11.3.rel1.win32_1.1.0.202305231506/tools/bin/../lib/gcc/arm-none-eabi/11.3.1/../../../../arm-none-eabi/lib/thumb/v7e-m+fp/hard\libc_nano.a(libc_a-init.o)
 .debug_frame   0x000000000000224c       0x28 C:/ST/STM32CubeIDE_1.13.0/STM32CubeIDE/plugins/com.st.stm32cube.ide.mcu.externaltools.gnu-tools-for-stm32.11.3.rel1.win32_1.1.0.202305231506/tools/bin/../lib/gcc/arm-none-eabi/11.3.1/../../../../arm-none-eabi/lib/thumb/v7e-m+fp/hard\libc_nano.a(libc_a-memcpy-stub.o)
 .debug_frame   0x0000000000002274       0x2c C:/ST/STM32CubeIDE_1.13.0/STM32CubeIDE/plugins/com.st.stm32cube.ide.mcu.externaltools.gnu-tools-for-stm32.11.3.rel1.win32_1.1.0.202305231506/tools/bin/../lib/gcc/arm-none-eabi/11.3.1/thumb/v7e-m+fp/hard\libgcc.a(_aeabi_uldivmod.o)
 .debug_frame   0x00000000000022a0       0x34 C:/ST/STM32CubeIDE_1.13.0/STM32CubeIDE/plugins/com.st.stm32cube.ide.mcu.externaltools.gnu-tools-for-stm32.11.3.rel1.win32_1.1.0.202305231506/tools/bin/../lib/gcc/arm-none-eabi/11.3.1/thumb/v7e-m+fp/hard\libgcc.a(_udivmoddi4.o)

.debug_line_str
                0x0000000000000000       0x6b
 .debug_line_str
                0x0000000000000000       0x6b ./Core/Startup/startup_stm32f401retx.o
                                         0x83 (size before relaxing)
